[agarvipbots.com/cellcraft/index.html]
[backblue.gif]
[fade.gif]
[index.html]
[agarvipbots.com/cellcraft/index-2.html]
[agarvipbots.com/cellcraft/img/1200x630.png]
[agarvipbots.com/cellcraft/Circle_Blue.ico]
[maxcdn.bootstrapcdn.com/bootstrap/3.3.4/css/bootstrap.min.css]
[agarvipbots.com/cellcraft/css/main-min67d9.css]
[cellcraft.io/js/AdvertBootStrap.js]
[agarvipbots.com/cellcraft/js/vector2.js]
[agarvipbots.com/cellcraft/js/bootstrap.js]
[agarvipbots.com/cellcraft/js/jquery-2.1.3.min.js]
[agarvipbots.com/client.js]
[agarvipbots.com/cellcraft/img/NA2.png]
[agarvipbots.com/cellcraft/img/arrow_left.png]
[agarvipbots.com/cellcraft/img/craft2.png]
[agarvipbots.com/cellcraft/js/gameclient.core47ed0.js]
[cdnjs.cloudflare.com/ajax/libs/socket.io/1.4.5/socket.io.min.js]
[agarvipbots.com/cellcraft/img/arrow_right.png]
[agarvipbots.com/cellcraft/img/refresh.png]
[agarvipbots.com/cellcraft/js/fpsdisplay.js]
[agarvipbots.com/cellcraft/img/ayr.png]
[agarvipbots.com/cellcraft/img/bgright.png]
[agarvipbots.com/cellcraft/_img/bg_sidebar.gif_]
[apis.google.com/js/platform.js]
[agarvipbots.com/cellcraft/index.html]
[agarvipbots.com/cellcraft/index-2.html]
[agarvipbots.com/cellcraft/img/1200x630.html]
[agarvipbots.com/cellcraft/Circle_Blue.html]
[maxcdn.bootstrapcdn.com/bootstrap/3.3.4/css/bootstrap.min.css]
[agarvipbots.com/cellcraft/img/space2.png]
[agarvipbots.com/cellcraft/img/bg_sidebar.gif]
[agarvipbots.com/img/map-bg.png]
[agarvipbots.com/img/PannelBG0.png]
[agarvipbots.com/cellcraft/img/magic.png]
[agarvipbots.com/cellcraft/css/main-min67d9.css]
[agarvipbots.com/cellcraft/_img/bg_sidebar.html]
[agarvipbots.com/img/map-bg.html]
[agarvipbots.com/img/PannelBG0.html]
[agarvipbots.com/cellcraft/img/magic.html]
